{
	"success": true,
	"message": "Operation was successful",
	"data": [
		{
			"active": true,
			"description": "Boat building is the design and construction of boats and their systems. This includes at a minimum a hull, with propulsion, mechanical, navigation, safety and other systems as a craft requires.",
			"name": "Boat Building",
			"short_key": "boat-building",
			"skill_ids": null,
			"skills": null
		},
		{
			"active": true,
			"description": "Drywall mudding is the process of applying drywall mud to drywall seams.",
			"name": "Drywall Mudding",
			"short_key": "drywall-mudding",
			"skill_ids": null,
			"skills": null
		},
		{
			"active": true,
			"description": "Roadmap planning is the process of planning a roadmap.",
			"name": "Roadmap Planning",
			"short_key": "roadmap-planning",
			"skill_ids": null,
			"skills": null
		},
		{
			"active": true,
			"description": "Data modeling is the process of creating a data model for the data to be stored in a database.",
			"name": "Data Modeling",
			"short_key": "data-modeling",
			"skill_ids": null,
			"skills": null
		}
	]
}