{
	"success": true,
	"message": "Operation was successful",
	"data": [
		{
			"active": true,
			"categories": [
				{
					"active": true,
					"description": "A programming language is a formal language comprising a set of instructions that produce various kinds of output. Programming languages are used in computer programming to implement algorithms.",
					"name": "Programming Language",
					"short_key": "prog_lang",
					"skill_ids": null,
					"skills": null
				},
				{
					"active": true,
					"description": "A database is an organized collection of structured information, or data, typically stored electronically in a computer system. A database is usually controlled by a database management system.",
					"name": "Databases",
					"short_key": "db",
					"skill_ids": null,
					"skills": null
				}
			],
			"category_ids": [
				1,
				2
			],
			"description": "Boat building is the design and construction of boats and their systems. This includes at a minimum a hull, with propulsion, mechanical, navigation, safety and other systems as a craft requires.",
			"name": "Boat Building",
			"short_key": "boat-building"
		},
		{
			"active": true,
			"categories": [
				{
					"active": true,
					"description": "A database is an organized collection of structured information, or data, typically stored electronically in a computer system. A database is usually controlled by a database management system.",
					"name": "Databases",
					"short_key": "db",
					"skill_ids": null,
					"skills": null
				}
			],
			"category_ids": [
				2
			],
			"description": "Drywall mudding is the process of applying drywall mud to drywall seams.",
			"name": "Drywall Mudding",
			"short_key": "drywall-mudding"
		},
		{
			"active": true,
			"categories": [
				{
					"active": true,
					"description": "An operating system is system software that manages computer hardware, software resources, and provides common services for computer programs.",
					"name": "Operating Systems",
					"short_key": "os",
					"skill_ids": null,
					"skills": null
				},
				{
					"active": true,
					"description": "A cloud provider is a company that offers some component of cloud computing -- typically infrastructure as a service, software as a service or platform as a service -- to other businesses or individuals.",
					"name": "Cloud Providers",
					"short_key": "cp",
					"skill_ids": null,
					"skills": null
				}
			],
			"category_ids": [
				3,
				4
			],
			"description": "Roadmap planning is the process of planning a roadmap.",
			"name": "Roadmap Planning",
			"short_key": "roadmap-planning"
		},
		{
			"active": true,
			"categories": [
				{
					"active": true,
					"description": "An operating system is system software that manages computer hardware, software resources, and provides common services for computer programs.",
					"name": "Operating Systems",
					"short_key": "os",
					"skill_ids": null,
					"skills": null
				}
			],
			"category_ids": [
				3
			],
			"description": "Data modeling is the process of creating a data model for the data to be stored in a database.",
			"name": "Data Modeling",
			"short_key": "data-modeling"
		}
	]
}